journalctl -b --since "2025-04-07 02:00:49" --until "2025-04-07 02:00:51.154" -o short-precise
#Apr 07 02:00:49.654786 localhost kernel: Linux version 6.8.0-57-generic (buildd@lcy02-amd64-040) (x86_64-linux-gnu-gcc-13 (Ubuntu 13.3.0-6ubuntu2~24.04) 13.3.0, GNU ld (GNU Binutils for Ub>
#Apr 07 02:00:49.654800 localhost kernel: Command line: BOOT_IMAGE=/vmlinuz-6.8.0-57-generic root=/dev/mapper/ubuntu--vg-ubuntu--lv ro
#Apr 07 02:00:49.654807 localhost kernel: KERNEL supported cpus:
#Apr 07 02:00:49.654812 localhost kernel:   Intel GenuineIntel
#Apr 07 02:00:49.654816 localhost kernel:   AMD AuthenticAMD
#...
#Apr 07 02:00:50.916843 localhost systemd[1]: Finished systemd-udev-trigger.service - Coldplug All udev Devices.
#Apr 07 02:00:50.928919 localhost kernel: workqueue: drm_fb_helper_damage_work hogged CPU for >10000us 32 times, consider switching to WQ_UNBOUND
find / -name "auth.log"
#/var/log/auth.log
awk '{print $0}' /var/log/auth.log | sed 's/\[.*\]//g' | sort -k3
#2025-04-06T00:05:02.513079+00:00 eltex-practice2-pg1-v5 CRON: pam_unix(cron:session): session closed for user root
#2025-04-06T00:15:01.878171+00:00 eltex-practice2-pg1-v5 CRON: pam_unix(cron:session): session closed for user root
#2025-04-06T00:17:02.653219+00:00 eltex-practice2-pg1-v5 CRON: pam_unix(cron:session): session closed for user root
#2025-04-06T00:25:02.379057+00:00 eltex-practice2-pg1-v5 CRON: pam_unix(cron:session): session closed for user root
#2025-04-06T00:35:01.890118+00:00 eltex-practice2-pg1-v5 CRON: pam_unix(cron:session): session closed for user root
#...
awk '{print $0}' /var/log/auth.log | sed 's/\[.*\]//g' | sort -k3 | uniq -c | sort -nr
#1 2025-04-06T22:45:01.060062+00:00 eltex-practice2-pg1-v5 CRON: pam_unix(cron:session): session closed for user root
#1 2025-04-06T22:45:01.058959+00:00 eltex-practice2-pg1-v5 CRON: pam_unix(cron:session): session opened for user root(uid=0) by root(uid=0)
#1 2025-04-06T22:35:01.055706+00:00 eltex-practice2-pg1-v5 CRON: pam_unix(cron:session): session closed for user root
#1 2025-04-06T22:35:01.054628+00:00 eltex-practice2-pg1-v5 CRON: pam_unix(cron:session): session opened for user root(uid=0) by root(uid=0)
#...
awk -F: '$7 == "/usr/sbin/nologin" { print $3, $1 }' /etc/passwd | while read uid username; do groups=$(grep -E "\b$username\b" /etc/group | cut -d: -f1 | tr '\n' ', ' | sed 's/, $//') echo "$uid, $username, $groups" done | sort -t, -k1,1nr
#65534, nobody,
#1003, user3, users,user3,myGroup,
#998, systemd-network, systemd-network,
#997, systemd-timesync, systemd-timesync,
#...
#3, sys, sys,
#2, bin, bin,
#1, daemon, daemon,
dmesg | grep 'kernel'
#[    0.044978] Booting paravirtualized kernel on KVM
#[    0.045259] Unknown kernel command line parameters "BOOT_IMAGE=/vmlinuz-6.8.0-57-generic", will be passed to user space.
#[    0.093889] Memory: 3933484K/4193760K available (22528K kernel code, 4444K rwdata, 14344K rodata, 4988K init, 4716K bss, 260016K reserved, 0K cma-reserved)
#[    0.609503] Loaded X.509 cert 'Build time autogenerated kernel key: 314db5b871207b67c6af73164cb9641e90a23972'
#[    1.481843] Loaded X.509 cert 'Build time autogenerated kernel key: 314db5b871207b67c6af73164cb9641e90a23972'
#[    1.492541] Freeing unused kernel image (initmem) memory: 4988K
#[    1.492740] Write protecting the kernel read-only data: 38912k
#[    1.493281] Freeing unused kernel image (rodata/data gap) memory: 2040K
#[  165.442413] systemd[1]: Listening on systemd-udevd-kernel.socket - udev Kernel Socket.
#[  165.471443] systemd[1]: Mounting sys-kernel-debug.mount - Kernel Debug File System...
#[  165.472382] systemd[1]: Mounting sys-kernel-tracing.mount - Kernel Trace File System...
wc -l /var/log/kern.log
#11 /var/log/kern.log
awk '/Commandline:/ {cmd=$0} /Start-Date:/ {start=$0} /End-Date:/ {end=$0; print cmd "; " start "; " end}' /var/log/apt/history.log
#Commandline: /usr/bin/unattended-upgrade; Start-Date: 2025-04-02  06:22:37; End-Date: 2025-04-02  06:22:49
#Commandline: /usr/bin/unattended-upgrade; Start-Date: 2025-04-02  06:22:51; End-Date: 2025-04-02  06:24:59
#Commandline: /usr/bin/unattended-upgrade; Start-Date: 2025-04-02  06:25:01; End-Date: 2025-04-02  06:26:01
#Commandline: /usr/bin/unattended-upgrade; Start-Date: 2025-04-02  06:26:03; End-Date: 2025-04-02  06:26:08